// Jest Snapshot v1, https://goo.gl/fbAQLP

exports[`ListItemProduct component Should render snapshot correctly 1`] = `
{
  "asFragment": [Function],
  "baseElement": <body>
    <div>
      <div
        class="MuiStack-root css-wxj3k5-MuiStack-root"
      >
        <div
          class="MuiStack-root css-156dzxc-MuiStack-root"
        >
          <h6
            class="MuiTypography-root MuiTypography-subtitle2 css-6r59v1-MuiTypography-root"
          >
            Product Code
          </h6>
          <h6
            class="MuiTypography-root MuiTypography-subtitle2 css-jesh3t-MuiTypography-root"
          >
            Name
          </h6>
          <h6
            class="MuiTypography-root MuiTypography-subtitle2 css-6r59v1-MuiTypography-root"
          >
            Price
          </h6>
          <h6
            class="MuiTypography-root MuiTypography-subtitle2 css-16972la-MuiTypography-root"
          >
            Quantity
          </h6>
          <h6
            class="MuiTypography-root MuiTypography-subtitle2 css-184m8mr-MuiTypography-root"
          >
            Image
          </h6>
          <h6
            class="MuiTypography-root MuiTypography-subtitle2 css-w9byz0-MuiTypography-root"
          >
            Status
          </h6>
        </div>
        <hr
          class="MuiDivider-root MuiDivider-fullWidth MuiDivider-flexItem css-yk10cl-MuiDivider-root"
        />
        <div
          class="MuiBox-root css-1bsgofg"
        >
          <div
            class="MuiStack-root css-6ywtgk-MuiStack-root"
          >
            <span
              class="MuiTypography-root MuiTypography-caption css-1wliavz-MuiTypography-root"
            >
              P001
            </span>
            <span
              class="MuiTypography-root MuiTypography-caption css-103hhml-MuiTypography-root"
            >
              Product 1
            </span>
            <span
              class="MuiTypography-root MuiTypography-caption css-1wliavz-MuiTypography-root"
            >
              $
              100
            </span>
            <span
              class="MuiTypography-root MuiTypography-caption css-12xxipc-MuiTypography-root"
            >
              10
            </span>
            <div
              class="MuiBox-root css-15lv5s"
            >
              <div
                class="MuiAvatar-root MuiAvatar-circular css-1s7v84e-MuiAvatar-root"
                style="width: 40px; height: 40px; border-radius: 10px;"
              >
                <img
                  alt="image-Product 1"
                  class="MuiAvatar-img css-1pqm26d-MuiAvatar-img"
                  src="https://via.placeholder.com/150"
                />
              </div>
            </div>
            <span
              class="MuiTypography-root MuiTypography-caption css-183l9tj-MuiTypography-root"
            >
              In
               Stock
            </span>
            <div
              class="MuiBox-root css-1v0dkj4"
            >
              <div
                class="MuiBox-root css-79elbk"
              >
                <button
                  aria-haspopup="true"
                  aria-label="more"
                  class="MuiButtonBase-root MuiIconButton-root MuiIconButton-sizeMedium css-av538e-MuiButtonBase-root-MuiIconButton-root"
                  data-testid="button-more-menu"
                  id="long-button"
                  tabindex="0"
                  type="button"
                >
                  <svg
                    aria-hidden="true"
                    class="MuiSvgIcon-root MuiSvgIcon-fontSizeMedium css-1lrr7yx-MuiSvgIcon-root"
                    data-testid="MoreVertIcon"
                    focusable="false"
                    viewBox="0 0 24 24"
                  >
                    <path
                      d="M12 8c1.1 0 2-.9 2-2s-.9-2-2-2-2 .9-2 2 .9 2 2 2m0 2c-1.1 0-2 .9-2 2s.9 2 2 2 2-.9 2-2-.9-2-2-2m0 6c-1.1 0-2 .9-2 2s.9 2 2 2 2-.9 2-2-.9-2-2-2"
                    />
                  </svg>
                  <span
                    class="MuiTouchRipple-root css-8je8zh-MuiTouchRipple-root"
                  />
                </button>
              </div>
            </div>
          </div>
          <hr
            class="MuiDivider-root MuiDivider-fullWidth MuiDivider-flexItem css-yk10cl-MuiDivider-root"
          />
        </div>
        <div
          class="MuiStack-root css-bmu17z-MuiStack-root"
        >
          <h6
            class="MuiTypography-root MuiTypography-subtitle2 css-1jwn8bo-MuiTypography-root"
          >
            Showing data 
            1
             to
             
            1
             of
             
            1
             entries
          </h6>
          <nav
            aria-label="pagination navigation"
            class="MuiPagination-root MuiPagination-outlined css-1r9e4h5-MuiPagination-root"
            data-testid="change-pagination"
          >
            <ul
              class="MuiPagination-ul css-wjh20t-MuiPagination-ul"
            >
              <li>
                <button
                  aria-label="Go to previous page"
                  class="MuiButtonBase-root Mui-disabled MuiPaginationItem-root MuiPaginationItem-sizeMedium MuiPaginationItem-outlined MuiPaginationItem-rounded Mui-disabled MuiPaginationItem-previousNext css-ahvmcb-MuiButtonBase-root-MuiPaginationItem-root"
                  disabled=""
                  tabindex="-1"
                  type="button"
                >
                  <svg
                    aria-hidden="true"
                    class="MuiSvgIcon-root MuiSvgIcon-fontSizeMedium MuiPaginationItem-icon css-g2z002-MuiSvgIcon-root-MuiPaginationItem-icon"
                    data-testid="NavigateBeforeIcon"
                    focusable="false"
                    viewBox="0 0 24 24"
                  >
                    <path
                      d="M15.41 7.41L14 6l-6 6 6 6 1.41-1.41L10.83 12z"
                    />
                  </svg>
                </button>
              </li>
              <li>
                <button
                  aria-current="true"
                  aria-label="page 1"
                  class="MuiButtonBase-root MuiPaginationItem-root MuiPaginationItem-sizeMedium MuiPaginationItem-outlined MuiPaginationItem-rounded Mui-selected MuiPaginationItem-page css-ahvmcb-MuiButtonBase-root-MuiPaginationItem-root"
                  tabindex="0"
                  type="button"
                >
                  1
                  <span
                    class="MuiTouchRipple-root css-8je8zh-MuiTouchRipple-root"
                  />
                </button>
              </li>
              <li>
                <button
                  aria-label="Go to next page"
                  class="MuiButtonBase-root Mui-disabled MuiPaginationItem-root MuiPaginationItem-sizeMedium MuiPaginationItem-outlined MuiPaginationItem-rounded Mui-disabled MuiPaginationItem-previousNext css-ahvmcb-MuiButtonBase-root-MuiPaginationItem-root"
                  disabled=""
                  tabindex="-1"
                  type="button"
                >
                  <svg
                    aria-hidden="true"
                    class="MuiSvgIcon-root MuiSvgIcon-fontSizeMedium MuiPaginationItem-icon css-g2z002-MuiSvgIcon-root-MuiPaginationItem-icon"
                    data-testid="NavigateNextIcon"
                    focusable="false"
                    viewBox="0 0 24 24"
                  >
                    <path
                      d="M10 6L8.59 7.41 13.17 12l-4.58 4.59L10 18l6-6z"
                    />
                  </svg>
                </button>
              </li>
            </ul>
          </nav>
        </div>
      </div>
    </div>
  </body>,
  "container": <div>
    <div
      class="MuiStack-root css-wxj3k5-MuiStack-root"
    >
      <div
        class="MuiStack-root css-156dzxc-MuiStack-root"
      >
        <h6
          class="MuiTypography-root MuiTypography-subtitle2 css-6r59v1-MuiTypography-root"
        >
          Product Code
        </h6>
        <h6
          class="MuiTypography-root MuiTypography-subtitle2 css-jesh3t-MuiTypography-root"
        >
          Name
        </h6>
        <h6
          class="MuiTypography-root MuiTypography-subtitle2 css-6r59v1-MuiTypography-root"
        >
          Price
        </h6>
        <h6
          class="MuiTypography-root MuiTypography-subtitle2 css-16972la-MuiTypography-root"
        >
          Quantity
        </h6>
        <h6
          class="MuiTypography-root MuiTypography-subtitle2 css-184m8mr-MuiTypography-root"
        >
          Image
        </h6>
        <h6
          class="MuiTypography-root MuiTypography-subtitle2 css-w9byz0-MuiTypography-root"
        >
          Status
        </h6>
      </div>
      <hr
        class="MuiDivider-root MuiDivider-fullWidth MuiDivider-flexItem css-yk10cl-MuiDivider-root"
      />
      <div
        class="MuiBox-root css-1bsgofg"
      >
        <div
          class="MuiStack-root css-6ywtgk-MuiStack-root"
        >
          <span
            class="MuiTypography-root MuiTypography-caption css-1wliavz-MuiTypography-root"
          >
            P001
          </span>
          <span
            class="MuiTypography-root MuiTypography-caption css-103hhml-MuiTypography-root"
          >
            Product 1
          </span>
          <span
            class="MuiTypography-root MuiTypography-caption css-1wliavz-MuiTypography-root"
          >
            $
            100
          </span>
          <span
            class="MuiTypography-root MuiTypography-caption css-12xxipc-MuiTypography-root"
          >
            10
          </span>
          <div
            class="MuiBox-root css-15lv5s"
          >
            <div
              class="MuiAvatar-root MuiAvatar-circular css-1s7v84e-MuiAvatar-root"
              style="width: 40px; height: 40px; border-radius: 10px;"
            >
              <img
                alt="image-Product 1"
                class="MuiAvatar-img css-1pqm26d-MuiAvatar-img"
                src="https://via.placeholder.com/150"
              />
            </div>
          </div>
          <span
            class="MuiTypography-root MuiTypography-caption css-183l9tj-MuiTypography-root"
          >
            In
             Stock
          </span>
          <div
            class="MuiBox-root css-1v0dkj4"
          >
            <div
              class="MuiBox-root css-79elbk"
            >
              <button
                aria-haspopup="true"
                aria-label="more"
                class="MuiButtonBase-root MuiIconButton-root MuiIconButton-sizeMedium css-av538e-MuiButtonBase-root-MuiIconButton-root"
                data-testid="button-more-menu"
                id="long-button"
                tabindex="0"
                type="button"
              >
                <svg
                  aria-hidden="true"
                  class="MuiSvgIcon-root MuiSvgIcon-fontSizeMedium css-1lrr7yx-MuiSvgIcon-root"
                  data-testid="MoreVertIcon"
                  focusable="false"
                  viewBox="0 0 24 24"
                >
                  <path
                    d="M12 8c1.1 0 2-.9 2-2s-.9-2-2-2-2 .9-2 2 .9 2 2 2m0 2c-1.1 0-2 .9-2 2s.9 2 2 2 2-.9 2-2-.9-2-2-2m0 6c-1.1 0-2 .9-2 2s.9 2 2 2 2-.9 2-2-.9-2-2-2"
                  />
                </svg>
                <span
                  class="MuiTouchRipple-root css-8je8zh-MuiTouchRipple-root"
                />
              </button>
            </div>
          </div>
        </div>
        <hr
          class="MuiDivider-root MuiDivider-fullWidth MuiDivider-flexItem css-yk10cl-MuiDivider-root"
        />
      </div>
      <div
        class="MuiStack-root css-bmu17z-MuiStack-root"
      >
        <h6
          class="MuiTypography-root MuiTypography-subtitle2 css-1jwn8bo-MuiTypography-root"
        >
          Showing data 
          1
           to
           
          1
           of
           
          1
           entries
        </h6>
        <nav
          aria-label="pagination navigation"
          class="MuiPagination-root MuiPagination-outlined css-1r9e4h5-MuiPagination-root"
          data-testid="change-pagination"
        >
          <ul
            class="MuiPagination-ul css-wjh20t-MuiPagination-ul"
          >
            <li>
              <button
                aria-label="Go to previous page"
                class="MuiButtonBase-root Mui-disabled MuiPaginationItem-root MuiPaginationItem-sizeMedium MuiPaginationItem-outlined MuiPaginationItem-rounded Mui-disabled MuiPaginationItem-previousNext css-ahvmcb-MuiButtonBase-root-MuiPaginationItem-root"
                disabled=""
                tabindex="-1"
                type="button"
              >
                <svg
                  aria-hidden="true"
                  class="MuiSvgIcon-root MuiSvgIcon-fontSizeMedium MuiPaginationItem-icon css-g2z002-MuiSvgIcon-root-MuiPaginationItem-icon"
                  data-testid="NavigateBeforeIcon"
                  focusable="false"
                  viewBox="0 0 24 24"
                >
                  <path
                    d="M15.41 7.41L14 6l-6 6 6 6 1.41-1.41L10.83 12z"
                  />
                </svg>
              </button>
            </li>
            <li>
              <button
                aria-current="true"
                aria-label="page 1"
                class="MuiButtonBase-root MuiPaginationItem-root MuiPaginationItem-sizeMedium MuiPaginationItem-outlined MuiPaginationItem-rounded Mui-selected MuiPaginationItem-page css-ahvmcb-MuiButtonBase-root-MuiPaginationItem-root"
                tabindex="0"
                type="button"
              >
                1
                <span
                  class="MuiTouchRipple-root css-8je8zh-MuiTouchRipple-root"
                />
              </button>
            </li>
            <li>
              <button
                aria-label="Go to next page"
                class="MuiButtonBase-root Mui-disabled MuiPaginationItem-root MuiPaginationItem-sizeMedium MuiPaginationItem-outlined MuiPaginationItem-rounded Mui-disabled MuiPaginationItem-previousNext css-ahvmcb-MuiButtonBase-root-MuiPaginationItem-root"
                disabled=""
                tabindex="-1"
                type="button"
              >
                <svg
                  aria-hidden="true"
                  class="MuiSvgIcon-root MuiSvgIcon-fontSizeMedium MuiPaginationItem-icon css-g2z002-MuiSvgIcon-root-MuiPaginationItem-icon"
                  data-testid="NavigateNextIcon"
                  focusable="false"
                  viewBox="0 0 24 24"
                >
                  <path
                    d="M10 6L8.59 7.41 13.17 12l-4.58 4.59L10 18l6-6z"
                  />
                </svg>
              </button>
            </li>
          </ul>
        </nav>
      </div>
    </div>
  </div>,
  "debug": [Function],
  "findAllByAltText": [Function],
  "findAllByDisplayValue": [Function],
  "findAllByLabelText": [Function],
  "findAllByPlaceholderText": [Function],
  "findAllByRole": [Function],
  "findAllByTestId": [Function],
  "findAllByText": [Function],
  "findAllByTitle": [Function],
  "findByAltText": [Function],
  "findByDisplayValue": [Function],
  "findByLabelText": [Function],
  "findByPlaceholderText": [Function],
  "findByRole": [Function],
  "findByTestId": [Function],
  "findByText": [Function],
  "findByTitle": [Function],
  "getAllByAltText": [Function],
  "getAllByDisplayValue": [Function],
  "getAllByLabelText": [Function],
  "getAllByPlaceholderText": [Function],
  "getAllByRole": [Function],
  "getAllByTestId": [Function],
  "getAllByText": [Function],
  "getAllByTitle": [Function],
  "getByAltText": [Function],
  "getByDisplayValue": [Function],
  "getByLabelText": [Function],
  "getByPlaceholderText": [Function],
  "getByRole": [Function],
  "getByTestId": [Function],
  "getByText": [Function],
  "getByTitle": [Function],
  "queryAllByAltText": [Function],
  "queryAllByDisplayValue": [Function],
  "queryAllByLabelText": [Function],
  "queryAllByPlaceholderText": [Function],
  "queryAllByRole": [Function],
  "queryAllByTestId": [Function],
  "queryAllByText": [Function],
  "queryAllByTitle": [Function],
  "queryByAltText": [Function],
  "queryByDisplayValue": [Function],
  "queryByLabelText": [Function],
  "queryByPlaceholderText": [Function],
  "queryByRole": [Function],
  "queryByTestId": [Function],
  "queryByText": [Function],
  "queryByTitle": [Function],
  "rerender": [Function],
  "unmount": [Function],
}
`;
