// Jest Snapshot v1, https://goo.gl/fbAQLP

exports[`ItemCustomer component Should render snapshot correctly 1`] = `
{
  "asFragment": [Function],
  "baseElement": <body
    style="padding-right: 1024px; overflow: hidden;"
  >
    <div
      aria-hidden="true"
    >
      <div
        class="MuiBox-root css-1bsgofg"
      >
        <div
          class="MuiStack-root css-1fbemys-MuiStack-root"
        >
          <span
            class="MuiTypography-root MuiTypography-caption css-bpkql1-MuiTypography-root"
          >
            name
          </span>
          <span
            class="MuiTypography-root MuiTypography-caption css-e8u01t-MuiTypography-root"
          >
            Akida
          </span>
          <span
            class="MuiTypography-root MuiTypography-caption css-1mngl9u-MuiTypography-root"
          >
            1234567890
          </span>
          <span
            class="MuiTypography-root MuiTypography-caption css-8zaaww-MuiTypography-root"
          >
            aki@gmail.com
          </span>
          <span
            class="MuiTypography-root MuiTypography-caption css-1nl03ot-MuiTypography-root"
          >
            Newzilen
          </span>
          <button
            class="MuiButtonBase-root MuiButton-root MuiButton-activate MuiButton-activatePrimary MuiButton-sizeMedium MuiButton-activateSizeMedium MuiButton-colorPrimary MuiButton-root MuiButton-activate MuiButton-activatePrimary MuiButton-sizeMedium MuiButton-activateSizeMedium MuiButton-colorPrimary css-1pyiguu-MuiButtonBase-root-MuiButton-root"
            data-testid="button-toggle"
            tabindex="0"
            type="button"
          >
            Active
            <span
              class="MuiTouchRipple-root css-8je8zh-MuiTouchRipple-root"
            />
          </button>
          <div
            class="MuiBox-root css-79elbk"
          >
            <button
              aria-controls="long-menu"
              aria-expanded="true"
              aria-haspopup="true"
              aria-label="more"
              class="MuiButtonBase-root MuiIconButton-root MuiIconButton-sizeMedium css-av538e-MuiButtonBase-root-MuiIconButton-root"
              data-testid="button-more-menu"
              id="long-button"
              tabindex="0"
              type="button"
            >
              <svg
                aria-hidden="true"
                class="MuiSvgIcon-root MuiSvgIcon-fontSizeMedium css-1lrr7yx-MuiSvgIcon-root"
                data-testid="MoreVertIcon"
                focusable="false"
                viewBox="0 0 24 24"
              >
                <path
                  d="M12 8c1.1 0 2-.9 2-2s-.9-2-2-2-2 .9-2 2 .9 2 2 2m0 2c-1.1 0-2 .9-2 2s.9 2 2 2 2-.9 2-2-.9-2-2-2m0 6c-1.1 0-2 .9-2 2s.9 2 2 2 2-.9 2-2-.9-2-2-2"
                />
              </svg>
              <span
                class="MuiTouchRipple-root css-8je8zh-MuiTouchRipple-root"
              />
            </button>
          </div>
        </div>
        <hr
          class="MuiDivider-root MuiDivider-fullWidth MuiDivider-flexItem css-yk10cl-MuiDivider-root"
        />
      </div>
    </div>
    <div
      class="MuiPopover-root MuiMenu-root MuiModal-root css-jsgixe-MuiModal-root-MuiPopover-root-MuiMenu-root"
      id="long-menu"
      role="presentation"
    >
      <div
        aria-hidden="true"
        class="MuiBackdrop-root MuiBackdrop-invisible MuiModal-backdrop css-g3hgs1-MuiBackdrop-root-MuiModal-backdrop"
        style="opacity: 1; webkit-transition: opacity 225ms cubic-bezier(0.4, 0, 0.2, 1) 0ms; transition: opacity 225ms cubic-bezier(0.4, 0, 0.2, 1) 0ms;"
      />
      <div
        data-testid="sentinelStart"
        tabindex="0"
      />
      <div
        class="MuiPaper-root MuiPaper-elevation MuiPaper-rounded MuiPaper-elevation8 MuiPopover-paper MuiMenu-paper MuiMenu-paper css-1ls49xq-MuiPaper-root-MuiPopover-paper-MuiMenu-paper"
        style="opacity: 1; transform: scale(1, 1); transition: opacity 0ms cubic-bezier(0.4, 0, 0.2, 1) 0ms,transform 0ms cubic-bezier(0.4, 0, 0.2, 1) 0ms; top: 16px; left: 16px; transform-origin: -16px -16px;"
        tabindex="-1"
      >
        <ul
          aria-labelledby="long-button"
          class="MuiList-root MuiList-padding MuiMenu-list css-6hp17o-MuiList-root-MuiMenu-list"
          role="menu"
          tabindex="-1"
        >
          <li
            class="MuiButtonBase-root MuiMenuItem-root MuiMenuItem-gutters MuiMenuItem-root MuiMenuItem-gutters css-ddqxy4-MuiButtonBase-root-MuiMenuItem-root"
            data-testid="option-menu"
            role="menuitem"
            tabindex="0"
          >
            Edit
            <span
              class="MuiTouchRipple-root css-8je8zh-MuiTouchRipple-root"
            />
          </li>
          <li
            class="MuiButtonBase-root MuiMenuItem-root MuiMenuItem-gutters MuiMenuItem-root MuiMenuItem-gutters css-ddqxy4-MuiButtonBase-root-MuiMenuItem-root"
            data-testid="option-menu"
            role="menuitem"
            tabindex="-1"
          >
            Delete
            <span
              class="MuiTouchRipple-root css-8je8zh-MuiTouchRipple-root"
            />
          </li>
        </ul>
      </div>
      <div
        data-testid="sentinelEnd"
        tabindex="0"
      />
    </div>
  </body>,
  "container": <div
    aria-hidden="true"
  >
    <div
      class="MuiBox-root css-1bsgofg"
    >
      <div
        class="MuiStack-root css-1fbemys-MuiStack-root"
      >
        <span
          class="MuiTypography-root MuiTypography-caption css-bpkql1-MuiTypography-root"
        >
          name
        </span>
        <span
          class="MuiTypography-root MuiTypography-caption css-e8u01t-MuiTypography-root"
        >
          Akida
        </span>
        <span
          class="MuiTypography-root MuiTypography-caption css-1mngl9u-MuiTypography-root"
        >
          1234567890
        </span>
        <span
          class="MuiTypography-root MuiTypography-caption css-8zaaww-MuiTypography-root"
        >
          aki@gmail.com
        </span>
        <span
          class="MuiTypography-root MuiTypography-caption css-1nl03ot-MuiTypography-root"
        >
          Newzilen
        </span>
        <button
          class="MuiButtonBase-root MuiButton-root MuiButton-activate MuiButton-activatePrimary MuiButton-sizeMedium MuiButton-activateSizeMedium MuiButton-colorPrimary MuiButton-root MuiButton-activate MuiButton-activatePrimary MuiButton-sizeMedium MuiButton-activateSizeMedium MuiButton-colorPrimary css-1pyiguu-MuiButtonBase-root-MuiButton-root"
          data-testid="button-toggle"
          tabindex="0"
          type="button"
        >
          Active
          <span
            class="MuiTouchRipple-root css-8je8zh-MuiTouchRipple-root"
          />
        </button>
        <div
          class="MuiBox-root css-79elbk"
        >
          <button
            aria-controls="long-menu"
            aria-expanded="true"
            aria-haspopup="true"
            aria-label="more"
            class="MuiButtonBase-root MuiIconButton-root MuiIconButton-sizeMedium css-av538e-MuiButtonBase-root-MuiIconButton-root"
            data-testid="button-more-menu"
            id="long-button"
            tabindex="0"
            type="button"
          >
            <svg
              aria-hidden="true"
              class="MuiSvgIcon-root MuiSvgIcon-fontSizeMedium css-1lrr7yx-MuiSvgIcon-root"
              data-testid="MoreVertIcon"
              focusable="false"
              viewBox="0 0 24 24"
            >
              <path
                d="M12 8c1.1 0 2-.9 2-2s-.9-2-2-2-2 .9-2 2 .9 2 2 2m0 2c-1.1 0-2 .9-2 2s.9 2 2 2 2-.9 2-2-.9-2-2-2m0 6c-1.1 0-2 .9-2 2s.9 2 2 2 2-.9 2-2-.9-2-2-2"
              />
            </svg>
            <span
              class="MuiTouchRipple-root css-8je8zh-MuiTouchRipple-root"
            />
          </button>
        </div>
      </div>
      <hr
        class="MuiDivider-root MuiDivider-fullWidth MuiDivider-flexItem css-yk10cl-MuiDivider-root"
      />
    </div>
  </div>,
  "debug": [Function],
  "findAllByAltText": [Function],
  "findAllByDisplayValue": [Function],
  "findAllByLabelText": [Function],
  "findAllByPlaceholderText": [Function],
  "findAllByRole": [Function],
  "findAllByTestId": [Function],
  "findAllByText": [Function],
  "findAllByTitle": [Function],
  "findByAltText": [Function],
  "findByDisplayValue": [Function],
  "findByLabelText": [Function],
  "findByPlaceholderText": [Function],
  "findByRole": [Function],
  "findByTestId": [Function],
  "findByText": [Function],
  "findByTitle": [Function],
  "getAllByAltText": [Function],
  "getAllByDisplayValue": [Function],
  "getAllByLabelText": [Function],
  "getAllByPlaceholderText": [Function],
  "getAllByRole": [Function],
  "getAllByTestId": [Function],
  "getAllByText": [Function],
  "getAllByTitle": [Function],
  "getByAltText": [Function],
  "getByDisplayValue": [Function],
  "getByLabelText": [Function],
  "getByPlaceholderText": [Function],
  "getByRole": [Function],
  "getByTestId": [Function],
  "getByText": [Function],
  "getByTitle": [Function],
  "queryAllByAltText": [Function],
  "queryAllByDisplayValue": [Function],
  "queryAllByLabelText": [Function],
  "queryAllByPlaceholderText": [Function],
  "queryAllByRole": [Function],
  "queryAllByTestId": [Function],
  "queryAllByText": [Function],
  "queryAllByTitle": [Function],
  "queryByAltText": [Function],
  "queryByDisplayValue": [Function],
  "queryByLabelText": [Function],
  "queryByPlaceholderText": [Function],
  "queryByRole": [Function],
  "queryByTestId": [Function],
  "queryByText": [Function],
  "queryByTitle": [Function],
  "rerender": [Function],
  "unmount": [Function],
}
`;
